[debug] Command-line config: ['-vU', '--js-runtimes', 'deno:[redacted]/deno', '--download-archive', '[redacted]', '--cookies', '[redacted]', '--sleep-subtitles', '5', '--sleep-interval', '5', '--max-sleep-interval', '12', '--continue', '--retries', 'infinite', '--fragment-retries', 'infinite', '--file-access-retries', '10', '--retry-sleep', '3', '--extractor-retries', '10', '--socket-timeout', '30', '--write-info-json', '--write-description', '--write-thumbnail', '--all-subs', '--ignore-errors', '-f', 'bestvideo+bestaudio', '--proxy', '[redacted]', '--write-comments', 'https://www.youtube.com/watch?app=desktop&v=BJ0xBCwkg3E']
[debug] Encodings: locale UTF-8, fs utf-8, pref UTF-8, out utf-8, error utf-8, screen utf-8
[debug] yt-dlp version nightly@2026.05.03.233852 from yt-dlp/yt-dlp-nightly-builds [35684c117] (zip)
[debug] Python 3.12.3 (CPython x86_64 64bit) - Linux-6.8.0-111-generic-x86_64-with-glibc2.39 (OpenSSL 3.0.13 30 Jan 2024, glibc 2.39)
[debug] exe versions: ffmpeg 6.1.1 (setts), ffprobe 6.1.1
[debug] Optional libraries: Cryptodome-3.20.0, brotli-1.1.0, certifi-2023.11.17, mutagen-1.46.0, requests-2.31.0 (unsupported), sqlite3-3.45.1, urllib3-2.0.7, websockets-10.4 (unsupported), yt_dlp_ejs-0.8.0
[debug] JS runtimes: deno-2.5.6
[debug] Proxy map: {'all': '[redacted]'}
[debug] Request Handlers: urllib
[debug] Plugin directories: none
[debug] Loaded 1864 extractors
[debug] Loading archive file '[redacted]'
[debug] Fetching release info: https://api.github.com/repos/yt-dlp/yt-dlp-nightly-builds/releases/latest
[debug] Downloading _update_spec from https://github.com/yt-dlp/yt-dlp-nightly-builds/releases/latest/download/_update_spec
[debug] Downloading SHA2-256SUMS from https://github.com/yt-dlp/yt-dlp-nightly-builds/releases/download/2026.05.05.233942/SHA2-256SUMS
Current version: nightly@2026.05.03.233852 from yt-dlp/yt-dlp-nightly-builds
Latest version: nightly@2026.05.05.233942 from yt-dlp/yt-dlp-nightly-builds
Current Build Hash: 09a929d10c6eee9b2bf154891cff9c26e31acbebe2f77bfd84120c8657ffcbf4
Updating to nightly@2026.05.05.233942 from yt-dlp/yt-dlp-nightly-builds ...
[debug] Downloading yt-dlp from https://github.com/yt-dlp/yt-dlp-nightly-builds/releases/download/2026.05.05.233942/yt-dlp
Updated yt-dlp to nightly@2026.05.05.233942 from yt-dlp/yt-dlp-nightly-builds
[debug] Restarting: python3 [redacted]/yt-dlp -vU --js-runtimes deno:[redacted]/deno --download-archive [redacted] --cookies [redacted] --sleep-subtitles 5 --sleep-interval 5 --max-sleep-interval 12 --continue --retries infinite --fragment-retries infinite --file-access-retries 10 --retry-sleep 3 --extractor-retries 10 --socket-timeout 30 --write-info-json --write-description --write-thumbnail --all-subs --ignore-errors -f bestvideo+bestaudio --proxy [redacted] --write-comments 'https://www.youtube.com/watch?app=desktop&v=BJ0xBCwkg3E'
[debug] Command-line config: ['-vU', '--js-runtimes', 'deno:[redacted]/deno', '--download-archive', '[redacted]', '--cookies', '[redacted]', '--sleep-subtitles', '5', '--sleep-interval', '5', '--max-sleep-interval', '12', '--continue', '--retries', 'infinite', '--fragment-retries', 'infinite', '--file-access-retries', '10', '--retry-sleep', '3', '--extractor-retries', '10', '--socket-timeout', '30', '--write-info-json', '--write-description', '--write-thumbnail', '--all-subs', '--ignore-errors', '-f', 'bestvideo+bestaudio', '--proxy', '[redacted]', '--write-comments', 'https://www.youtube.com/watch?app=desktop&v=BJ0xBCwkg3E']
[debug] Encodings: locale UTF-8, fs utf-8, pref UTF-8, out utf-8, error utf-8, screen utf-8
[debug] yt-dlp version nightly@2026.05.05.233942 from yt-dlp/yt-dlp-nightly-builds [c8695f52a] (zip)
[debug] Python 3.12.3 (CPython x86_64 64bit) - Linux-6.8.0-111-generic-x86_64-with-glibc2.39 (OpenSSL 3.0.13 30 Jan 2024, glibc 2.39)
[debug] exe versions: ffmpeg 6.1.1 (setts), ffprobe 6.1.1
[debug] Optional libraries: Cryptodome-3.20.0, brotli-1.1.0, certifi-2023.11.17, mutagen-1.46.0, requests-2.31.0 (unsupported), sqlite3-3.45.1, urllib3-2.0.7, websockets-10.4 (unsupported), yt_dlp_ejs-0.8.0
[debug] JS runtimes: deno-2.5.6
[debug] Proxy map: {'all': '[redacted]'}
[debug] Request Handlers: urllib
[debug] Plugin directories: none
[debug] Loaded 1864 extractors
[debug] Loading archive file '[redacted]'
[debug] Fetching release info: https://api.github.com/repos/yt-dlp/yt-dlp-nightly-builds/releases/latest
ERROR: Unable to obtain version info (HTTP Error 403: rate limit exceeded); Please try again later or visit  https://github.com/yt-dlp/yt-dlp-nightly-builds/releases/latest
[debug] [youtube] Found YouTube account cookies
[debug] [youtube] [pot] PO Token Providers: none
[debug] [youtube] [pot] PO Token Cache Providers: memory
[debug] [youtube] [pot] PO Token Cache Spec Providers: webpo
[debug] [youtube] [jsc] JS Challenge Providers: bun (unavailable), deno, node (unavailable), quickjs (unavailable)
[youtube] Extracting URL: https://www.youtube.com/watch?app=desktop&v=BJ0xBCwkg3E
[youtube] BJ0xBCwkg3E: Downloading webpage
WARNING: [youtube] unable to extract yt initial data; please report this issue on  https://github.com/yt-dlp/yt-dlp/issues?q= , filling out the appropriate issue template. Confirm you are on the latest version using  yt-dlp -U
WARNING: [youtube] Incomplete data received in embedded initial data; re-fetching using API.
[youtube] BJ0xBCwkg3E: Downloading initial data API JSON
[debug] [youtube] Forcing "main" player JS variant for player cb017549
        original url = /s/player/cb017549/player-plasma-ias-phone-en_US.vflset/base.js
[youtube] BJ0xBCwkg3E: Downloading tv downgraded player API JSON
[youtube] BJ0xBCwkg3E: Downloading player cb017549-main
[youtube] [jsc:deno] Solving JS challenges using deno
[debug] [youtube] [jsc:deno] Using challenge solver lib script v0.8.0 (source: python package, variant: minified)
[debug] [youtube] [jsc:deno] Using challenge solver core script v0.8.0 (source: python package, variant: minified)
[debug] [youtube] [jsc:deno] Running deno: [redacted]/deno run --ext=js --no-code-cache --no-prompt --no-remote --no-lock --node-modules-dir=none --no-config --no-npm --cached-only -
[debug] Saving youtube-sigfuncs.cb017549-main-104 to cache
[debug] Saving youtube-sigfuncs.cb017549-main-100 to cache
[debug] [youtube] BJ0xBCwkg3E: Detected experiment to bind GVS PO Token to video ID for web_safari client
[debug] [youtube] BJ0xBCwkg3E: web_safari client https formats require a GVS PO Token which was not provided. They will be skipped as they may yield HTTP Error 403. You can manually pass a GVS PO Token for this client with --extractor-args "youtube:po_token=web_safari.gvs+XXX". For more information, refer to  https://github.com/yt-dlp/yt-dlp/wiki/PO-Token-Guide
[debug] Sort order given by extractor: quality, res, fps, hdr:12, source, vcodec, channels, acodec, lang, proto
[debug] Formats sorted by: hasvid, ie_pref, quality, res, fps, hdr:12(7), source, vcodec, channels, acodec, lang, proto, size, br, asr, vext, aext, hasaud, id
[youtube] Downloading comment section API JSON
[youtube]     Downloading comment API JSON reply thread 1 (1/~None)
[youtube]        Downloading comment replies API JSON page 1 (11/~None)
[youtube]        Downloading comment replies API JSON page 2 (21/~None)
[youtube]        Downloading comment replies API JSON page 3 (31/~None)
[youtube]        Downloading comment replies API JSON page 4 (41/~None)
[youtube]        Downloading comment replies API JSON page 5 (51/~None)
[youtube]        Downloading comment replies API JSON page 6 (61/~None)
[youtube]        Downloading comment replies API JSON page 7 (71/~None)
[youtube]        Downloading comment replies API JSON page 8 (81/~None)
[youtube]        Downloading comment replies API JSON page 9 (91/~None)
[youtube]        Downloading comment replies API JSON page 10 (101/~None)
[youtube]        Downloading comment replies API JSON page 11 (111/~None)
[youtube]        Downloading comment replies API JSON page 12 (121/~None)
[youtube]        Downloading comment replies API JSON page 13 (131/~None)
[youtube]        Downloading comment replies API JSON page 14 (141/~None)
[youtube]        Downloading comment replies API JSON page 15 (150/~None)
[youtube]        Downloading comment replies API JSON page 16 (160/~None)
[youtube]        Downloading comment replies API JSON page 17 (170/~None)
[youtube]        Downloading comment replies API JSON page 18 (180/~None)
[youtube]        Downloading comment replies API JSON page 19 (190/~None)
[youtube]        Downloading comment replies API JSON page 20 (200/~None)
[youtube]        Downloading comment replies API JSON page 21 (210/~None)
[youtube]        Downloading comment replies API JSON page 22 (220/~None)
[youtube]        Downloading comment replies API JSON page 23 (229/~None)
[youtube]        Downloading comment replies API JSON page 24 (239/~None)
[youtube]        Downloading comment replies API JSON page 25 (249/~None)
[youtube]        Downloading comment replies API JSON page 26 (258/~None)
[youtube]        Downloading comment replies API JSON page 27 (266/~None)
[youtube]        Downloading comment replies API JSON page 28 (274/~None)
[youtube]        Downloading comment replies API JSON page 29 (284/~None)
[youtube]        Downloading comment replies API JSON page 30 (292/~None)
[youtube]        Downloading comment replies API JSON page 31 (301/~None)
[youtube]        Downloading comment replies API JSON page 32 (310/~None)
[youtube]        Downloading comment replies API JSON page 33 (319/~None)
[youtube]        Downloading comment replies API JSON page 34 (329/~None)
[youtube]        Downloading comment replies API JSON page 35 (338/~None)
[youtube]        Downloading comment replies API JSON page 36 (348/~None)
[youtube]        Downloading comment replies API JSON page 37 (357/~None)
[youtube]        Downloading comment replies API JSON page 38 (365/~None)
[youtube]        Downloading comment replies API JSON page 39 (375/~None)
[youtube]        Downloading comment replies API JSON page 40 (383/~None)
[youtube]        Downloading comment replies API JSON page 41 (392/~None)
[youtube]        Downloading comment replies API JSON page 42 (401/~None)
[youtube]        Downloading comment replies API JSON page 43 (411/~None)
[youtube]        Downloading comment replies API JSON page 44 (420/~None)
[youtube]        Downloading comment replies API JSON page 45 (430/~None)
[youtube]        Downloading comment replies API JSON page 46 (440/~None)
[youtube]        Downloading comment replies API JSON page 47 (450/~None)
[youtube]        Downloading comment replies API JSON page 48 (457/~None)
[youtube]        Downloading comment replies API JSON page 49 (466/~None)
[youtube]        Downloading comment replies API JSON page 50 (472/~None)
[youtube]        Downloading comment replies API JSON page 51 (481/~None)
[youtube]        Downloading comment replies API JSON page 52 (491/~None)
[youtube]        Downloading comment replies API JSON page 53 (501/~None)
[youtube]        Downloading comment replies API JSON page 54 (510/~None)
[youtube]     Downloading comment API JSON reply thread 2 (518/~None)
[youtube]        Downloading comment replies API JSON page 1 (528/~None)
[youtube]        Downloading comment replies API JSON page 2 (538/~None)
[youtube]        Downloading comment replies API JSON page 3 (547/~None)
[youtube]        Downloading comment replies API JSON page 4 (557/~None)
[youtube]        Downloading comment replies API JSON page 5 (567/~None)
[youtube]        Downloading comment replies API JSON page 6 (577/~None)
[youtube]        Downloading comment replies API JSON page 7 (587/~None)
[youtube]        Downloading comment replies API JSON page 8 (597/~None)
[youtube]        Downloading comment replies API JSON page 9 (607/~None)
[youtube]     Downloading comment API JSON reply thread 3 (613/~None)
[youtube]        Downloading comment replies API JSON page 1 (623/~None)
[youtube]     Downloading comment API JSON reply thread 4 (627/~None)
[youtube]        Downloading comment replies API JSON page 1 (636/~None)
[youtube]        Downloading comment replies API JSON page 2 (646/~None)
[youtube]     Downloading comment API JSON reply thread 5 (654/~None)
[youtube]        Downloading comment replies API JSON page 1 (662/~None)
[youtube]        Downloading comment replies API JSON page 2 (671/~None)
[youtube]        Downloading comment replies API JSON page 3 (681/~None)
[youtube]        Downloading comment replies API JSON page 4 (691/~None)
[youtube]        Downloading comment replies API JSON page 5 (699/~None)
[youtube]     Downloading comment API JSON reply thread 6 (703/~None)
[youtube]        Downloading comment replies API JSON page 1 (713/~None)
[youtube]        Downloading comment replies API JSON page 2 (723/~None)
[youtube]     Downloading comment API JSON reply thread 7 (733/~None)
[youtube]        Downloading comment replies API JSON page 1 (743/~None)
[youtube]        Downloading comment replies API JSON page 2 (753/~None)
[youtube]        Downloading comment replies API JSON page 3 (762/~None)
[youtube]        Downloading comment replies API JSON page 4 (772/~None)
[youtube]        Downloading comment replies API JSON page 5 (781/~None)
[youtube]     Downloading comment API JSON reply thread 8 (787/~None)
[youtube]     Downloading comment API JSON reply thread 9 (792/~None)
[youtube]     Downloading comment API JSON reply thread 10 (799/~None)
[youtube]        Downloading comment replies API JSON page 1 (808/~None)
[youtube]        Downloading comment replies API JSON page 2 (816/~None)
[youtube]        Downloading comment replies API JSON page 3 (826/~None)
[youtube]        Downloading comment replies API JSON page 4 (836/~None)
[youtube]        Downloading comment replies API JSON page 5 (846/~None)
[youtube]        Downloading comment replies API JSON page 6 (856/~None)
[youtube]        Downloading comment replies API JSON page 7 (866/~None)
[youtube]        Downloading comment replies API JSON page 8 (876/~None)
[youtube]     Downloading comment API JSON reply thread 11 (880/~None)
[youtube]        Downloading comment replies API JSON page 1 (889/~None)
[youtube]        Downloading comment replies API JSON page 2 (899/~None)
[youtube]     Downloading comment API JSON reply thread 12 (901/~None)
[youtube]     Downloading comment API JSON reply thread 13 (905/~None)
[youtube]        Downloading comment replies API JSON page 1 (912/~None)
[youtube]        Downloading comment replies API JSON page 2 (920/~None)
[youtube]        Downloading comment replies API JSON page 3 (930/~None)
[youtube]        Downloading comment replies API JSON page 4 (938/~None)
[youtube]        Downloading comment replies API JSON page 5 (947/~None)
[youtube]        Downloading comment replies API JSON page 6 (956/~None)
[youtube]        Downloading comment replies API JSON page 7 (966/~None)
[youtube]        Downloading comment replies API JSON page 8 (974/~None)
[youtube]        Downloading comment replies API JSON page 9 (980/~None)
[youtube]     Downloading comment API JSON reply thread 14 (983/~None)
[youtube]        Downloading comment replies API JSON page 1 (992/~None)
[youtube]        Downloading comment replies API JSON page 2 (1002/~None)
[youtube]        Downloading comment replies API JSON page 3 (1012/~None)
[youtube]        Downloading comment replies API JSON page 4 (1022/~None)
[youtube]        Downloading comment replies API JSON page 5 (1032/~None)
[youtube]        Downloading comment replies API JSON page 6 (1042/~None)
[youtube]        Downloading comment replies API JSON page 7 (1052/~None)
[youtube]        Downloading comment replies API JSON page 8 (1062/~None)
[youtube]        Downloading comment replies API JSON page 9 (1072/~None)
[youtube]        Downloading comment replies API JSON page 10 (1081/~None)
[youtube]        Downloading comment replies API JSON page 11 (1088/~None)
[youtube]        Downloading comment replies API JSON page 12 (1098/~None)
[youtube]        Downloading comment replies API JSON page 13 (1107/~None)
[youtube]        Downloading comment replies API JSON page 14 (1116/~None)
[youtube]        Downloading comment replies API JSON page 15 (1126/~None)
[youtube]        Downloading comment replies API JSON page 16 (1136/~None)
[youtube]        Downloading comment replies API JSON page 17 (1146/~None)
[youtube]        Downloading comment replies API JSON page 18 (1155/~None)
[youtube]        Downloading comment replies API JSON page 19 (1164/~None)
[youtube]        Downloading comment replies API JSON page 20 (1173/~None)
[youtube]        Downloading comment replies API JSON page 21 (1182/~None)
[youtube]        Downloading comment replies API JSON page 22 (1191/~None)
[youtube]        Downloading comment replies API JSON page 23 (1200/~None)
[youtube]        Downloading comment replies API JSON page 24 (1210/~None)
[youtube]        Downloading comment replies API JSON page 25 (1220/~None)
[youtube]        Downloading comment replies API JSON page 26 (1230/~None)
[youtube]        Downloading comment replies API JSON page 27 (1240/~None)
[youtube]        Downloading comment replies API JSON page 28 (1249/~None)
[youtube]        Downloading comment replies API JSON page 29 (1258/~None)
[youtube]        Downloading comment replies API JSON page 30 (1268/~None)
[youtube]        Downloading comment replies API JSON page 31 (1278/~None)
[youtube]     Downloading comment API JSON reply thread 15 (1284/~None)
[youtube]     Downloading comment API JSON reply thread 16 (1291/~None)
[youtube]     Downloading comment API JSON reply thread 17 (1298/~None)
[youtube]        Downloading comment replies API JSON page 1 (1306/~None)
[youtube]        Downloading comment replies API JSON page 2 (1315/~None)
[youtube]        Downloading comment replies API JSON page 3 (1325/~None)
[youtube]        Downloading comment replies API JSON page 4 (1335/~None)
WARNING: [youtube] Incomplete data received. Retrying (1/10)...
[youtube]        Downloading comment replies API JSON page 4 (1335/~None)
WARNING: [youtube] Incomplete data received. Retrying (2/10)...
[youtube]        Downloading comment replies API JSON page 4 (1335/~None)
WARNING: [youtube] Incomplete data received. Retrying (3/10)...
[youtube]        Downloading comment replies API JSON page 4 (1335/~None)
WARNING: [youtube] Incomplete data received. Retrying (4/10)...
[youtube]        Downloading comment replies API JSON page 4 (1335/~None)
WARNING: [youtube] Incomplete data received. Retrying (5/10)...
[youtube]        Downloading comment replies API JSON page 4 (1335/~None)
WARNING: [youtube] Incomplete data received. Retrying (6/10)...
[youtube]        Downloading comment replies API JSON page 4 (1335/~None)
WARNING: [youtube] Incomplete data received. Retrying (7/10)...
[youtube]        Downloading comment replies API JSON page 4 (1335/~None)
WARNING: [youtube] Incomplete data received. Retrying (8/10)...
[youtube]        Downloading comment replies API JSON page 4 (1335/~None)
WARNING: [youtube] Incomplete data received. Retrying (9/10)...
[youtube]        Downloading comment replies API JSON page 4 (1335/~None)
WARNING: [youtube] Incomplete data received. Retrying (10/10)...
[youtube]        Downloading comment replies API JSON page 4 (1335/~None)
WARNING: [youtube] Incomplete data received. Giving up after 10 retries
[youtube]     Downloading comment API JSON reply thread 18 (1336/~None)
[youtube]        Downloading comment replies API JSON page 1 (1346/~None)
[youtube]        Downloading comment replies API JSON page 2 (1356/~None)
[youtube]        Downloading comment replies API JSON page 3 (1365/~None)
[youtube]        Downloading comment replies API JSON page 4 (1375/~None)
[youtube]        Downloading comment replies API JSON page 5 (1385/~None)
[youtube]        Downloading comment replies API JSON page 6 (1395/~None)
[youtube]        Downloading comment replies API JSON page 7 (1405/~None)
[youtube]     Downloading comment API JSON reply thread 19 (1416/~None)
[youtube]        Downloading comment replies API JSON page 1 (1421/~None)
[youtube]        Downloading comment replies API JSON page 2 (1430/~None)
[youtube] Downloading comment API JSON page 1 (1432/~None)
[youtube]     Downloading comment API JSON reply thread 1 (1433/~None)
[youtube]     Downloading comment API JSON reply thread 2 (1440/~None)
[youtube]     Downloading comment API JSON reply thread 3 (1445/~None)
[youtube]        Downloading comment replies API JSON page 1 (1454/~None)
[youtube]        Downloading comment replies API JSON page 2 (1463/~None)
[youtube]        Downloading comment replies API JSON page 3 (1473/~None)
[youtube]     Downloading comment API JSON reply thread 4 (1479/~None)
[youtube]        Downloading comment replies API JSON page 1 (1489/~None)
[youtube]        Downloading comment replies API JSON page 2 (1499/~None)
[youtube]        Downloading comment replies API JSON page 3 (1509/~None)
[youtube]        Downloading comment replies API JSON page 4 (1519/~None)
[youtube]     Downloading comment API JSON reply thread 5 (1523/~None)
[youtube]     Downloading comment API JSON reply thread 6 (1531/~None)
[youtube]     Downloading comment API JSON reply thread 7 (1535/~None)
[youtube]     Downloading comment API JSON reply thread 8 (1543/~None)
[youtube]        Downloading comment replies API JSON page 1 (1552/~None)
[youtube]        Downloading comment replies API JSON page 2 (1562/~None)
[youtube]     Downloading comment API JSON reply thread 9 (1573/~None)
[youtube]     Downloading comment API JSON reply thread 10 (1576/~None)
[youtube]        Downloading comment replies API JSON page 1 (1586/~None)
[youtube]     Downloading comment API JSON reply thread 11 (1589/~None)
[youtube]        Downloading comment replies API JSON page 1 (1598/~None)
[youtube]        Downloading comment replies API JSON page 2 (1607/~None)
[youtube]        Downloading comment replies API JSON page 3 (1615/~None)
[youtube]        Downloading comment replies API JSON page 4 (1625/~None)
[youtube]        Downloading comment replies API JSON page 5 (1635/~None)
[youtube]        Downloading comment replies API JSON page 6 (1645/~None)
[youtube]        Downloading comment replies API JSON page 7 (1655/~None)
[youtube]     Downloading comment API JSON reply thread 12 (1666/~None)
[youtube]        Downloading comment replies API JSON page 1 (1675/~None)
[youtube]     Downloading comment API JSON reply thread 13 (1680/~None)
[youtube]     Downloading comment API JSON reply thread 14 (1683/~None)
[youtube]        Downloading comment replies API JSON page 1 (1692/~None)
[youtube]        Downloading comment replies API JSON page 2 (1699/~None)
[youtube]        Downloading comment replies API JSON page 3 (1707/~None)
[youtube]        Downloading comment replies API JSON page 4 (1717/~None)
[youtube]        Downloading comment replies API JSON page 5 (1726/~None)
[youtube]        Downloading comment replies API JSON page 6 (1736/~None)
[youtube]     Downloading comment API JSON reply thread 15 (1738/~None)
[youtube]        Downloading comment replies API JSON page 1 (1748/~None)
[youtube]        Downloading comment replies API JSON page 2 (1758/~None)
[youtube]     Downloading comment API JSON reply thread 16 (1763/~None)
[youtube]        Downloading comment replies API JSON page 1 (1773/~None)
[youtube]        Downloading comment replies API JSON page 2 (1783/~None)
[youtube]        Downloading comment replies API JSON page 3 (1793/~None)
[youtube]        Downloading comment replies API JSON page 4 (1802/~None)
[youtube]        Downloading comment replies API JSON page 5 (1811/~None)
[youtube]        Downloading comment replies API JSON page 6 (1821/~None)
[youtube]        Downloading comment replies API JSON page 7 (1831/~None)
[youtube]        Downloading comment replies API JSON page 8 (1841/~None)
[youtube]        Downloading comment replies API JSON page 9 (1851/~None)
[youtube]        Downloading comment replies API JSON page 10 (1861/~None)
[youtube]        Downloading comment replies API JSON page 11 (1871/~None)
[youtube]        Downloading comment replies API JSON page 12 (1881/~None)
[youtube]        Downloading comment replies API JSON page 13 (1891/~None)
[youtube]        Downloading comment replies API JSON page 14 (1901/~None)
[youtube]        Downloading comment replies API JSON page 15 (1910/~None)
[youtube]        Downloading comment replies API JSON page 16 (1919/~None)
[youtube]        Downloading comment replies API JSON page 17 (1929/~None)
[youtube]        Downloading comment replies API JSON page 18 (1939/~None)
[youtube]        Downloading comment replies API JSON page 19 (1949/~None)
[youtube]        Downloading comment replies API JSON page 20 (1958/~None)
[youtube]        Downloading comment replies API JSON page 21 (1968/~None)
[youtube]        Downloading comment replies API JSON page 22 (1978/~None)
[youtube]        Downloading comment replies API JSON page 23 (1988/~None)
[youtube]     Downloading comment API JSON reply thread 17 (1994/~None)
[youtube]        Downloading comment replies API JSON page 1 (2003/~None)
[youtube] Downloading comment API JSON page 2 (2008/~None)
[youtube]     Downloading comment API JSON reply thread 1 (2009/~None)
[youtube]     Downloading comment API JSON reply thread 2 (2018/~None)
[youtube]        Downloading comment replies API JSON page 1 (2028/~None)
[youtube]     Downloading comment API JSON reply thread 3 (2030/~None)
[youtube]        Downloading comment replies API JSON page 1 (2040/~None)
[youtube]     Downloading comment API JSON reply thread 4 (2048/~None)
[youtube]     Downloading comment API JSON reply thread 5 (2050/~None)
[youtube]        Downloading comment replies API JSON page 1 (2058/~None)
[youtube]        Downloading comment replies API JSON page 2 (2065/~None)
[youtube]        Downloading comment replies API JSON page 3 (2072/~None)
[youtube]        Downloading comment replies API JSON page 4 (2081/~None)
[youtube]        Downloading comment replies API JSON page 5 (2089/~None)
[youtube]        Downloading comment replies API JSON page 6 (2097/~None)
[youtube]        Downloading comment replies API JSON page 7 (2103/~None)
[youtube]        Downloading comment replies API JSON page 8 (2112/~None)
[youtube]        Downloading comment replies API JSON page 9 (2120/~None)
[youtube]     Downloading comment API JSON reply thread 6 (2130/~None)
[youtube]     Downloading comment API JSON reply thread 7 (2135/~None)
[youtube]        Downloading comment replies API JSON page 1 (2144/~None)
[youtube]        Downloading comment replies API JSON page 2 (2153/~None)
[youtube]        Downloading comment replies API JSON page 3 (2163/~None)
[youtube]        Downloading comment replies API JSON page 4 (2172/~None)
[youtube]        Downloading comment replies API JSON page 5 (2182/~None)
[youtube]     Downloading comment API JSON reply thread 8 (2191/~None)
[youtube]     Downloading comment API JSON reply thread 9 (2194/~None)
[youtube]        Downloading comment replies API JSON page 1 (2204/~None)
[youtube]        Downloading comment replies API JSON page 2 (2213/~None)
[youtube]        Downloading comment replies API JSON page 3 (2223/~None)
[youtube]        Downloading comment replies API JSON page 4 (2233/~None)
[youtube]        Downloading comment replies API JSON page 5 (2242/~None)
[youtube]        Downloading comment replies API JSON page 6 (2252/~None)
[youtube]        Downloading comment replies API JSON page 7 (2262/~None)
[youtube]        Downloading comment replies API JSON page 8 (2271/~None)
[youtube]        Downloading comment replies API JSON page 9 (2281/~None)
[youtube]     Downloading comment API JSON reply thread 10 (2283/~None)
[youtube]        Downloading comment replies API JSON page 1 (2293/~None)
[youtube]        Downloading comment replies API JSON page 2 (2302/~None)
[youtube]     Downloading comment API JSON reply thread 11 (2308/~None)
[youtube]        Downloading comment replies API JSON page 1 (2318/~None)
[youtube]     Downloading comment API JSON reply thread 12 (2328/~None)
[youtube]        Downloading comment replies API JSON page 1 (2338/~None)
[youtube]        Downloading comment replies API JSON page 2 (2346/~None)
[youtube]        Downloading comment replies API JSON page 3 (2356/~None)
[youtube]     Downloading comment API JSON reply thread 13 (2364/~None)
[youtube]        Downloading comment replies API JSON page 1 (2373/~None)
[youtube]     Downloading comment API JSON reply thread 14 (2378/~None)
[youtube]     Downloading comment API JSON reply thread 15 (2382/~None)
[youtube]        Downloading comment replies API JSON page 1 (2390/~None)
[youtube]     Downloading comment API JSON reply thread 16 (2394/~None)
[youtube]        Downloading comment replies API JSON page 1 (2404/~None)
[youtube]        Downloading comment replies API JSON page 2 (2413/~None)
[youtube]     Downloading comment API JSON reply thread 17 (2417/~None)
WARNING: [youtube] Incomplete data received. Retrying (1/10)...
[youtube]     Downloading comment API JSON reply thread 17 (2417/~None)
WARNING: [youtube] Incomplete data received. Retrying (2/10)...
[youtube]     Downloading comment API JSON reply thread 17 (2417/~None)
WARNING: [youtube] Incomplete data received. Retrying (3/10)...
[youtube]     Downloading comment API JSON reply thread 17 (2417/~None)
WARNING: [youtube] Incomplete data received. Retrying (4/10)...
[youtube]     Downloading comment API JSON reply thread 17 (2417/~None)
WARNING: [youtube] Incomplete data received. Retrying (5/10)...
[youtube]     Downloading comment API JSON reply thread 17 (2417/~None)
WARNING: [youtube] Incomplete data received. Retrying (6/10)...
[youtube]     Downloading comment API JSON reply thread 17 (2417/~None)
WARNING: [youtube] Incomplete data received. Retrying (7/10)...
[youtube]     Downloading comment API JSON reply thread 17 (2417/~None)
WARNING: [youtube] Incomplete data received. Retrying (8/10)...
[youtube]     Downloading comment API JSON reply thread 17 (2417/~None)
WARNING: [youtube] Incomplete data received. Retrying (9/10)...
[youtube]     Downloading comment API JSON reply thread 17 (2417/~None)
WARNING: [youtube] Incomplete data received. Retrying (10/10)...
[youtube]     Downloading comment API JSON reply thread 17 (2417/~None)
WARNING: [youtube] Incomplete data received. Giving up after 10 retries
[youtube] Downloading comment API JSON page 3 (2417/~None)
[youtube]     Downloading comment API JSON reply thread 1 (2418/~None)
[youtube]     Downloading comment API JSON reply thread 2 (2420/~None)
[youtube]        Downloading comment replies API JSON page 1 (2430/~None)
[youtube]     Downloading comment API JSON reply thread 3 (2435/~None)
[youtube]        Downloading comment replies API JSON page 1 (2444/~None)
[youtube]        Downloading comment replies API JSON page 2 (2453/~None)
[youtube]        Downloading comment replies API JSON page 3 (2463/~None)
[youtube]        Downloading comment replies API JSON page 4 (2473/~None)
[youtube]     Downloading comment API JSON reply thread 4 (2479/~None)
[youtube]     Downloading comment API JSON reply thread 5 (2483/~None)
[youtube]     Downloading comment API JSON reply thread 6 (2488/~None)
[youtube]     Downloading comment API JSON reply thread 7 (2496/~None)
[youtube]     Downloading comment API JSON reply thread 8 (2498/~None)
[youtube]     Downloading comment API JSON reply thread 9 (2503/~None)
[youtube]        Downloading comment replies API JSON page 1 (2511/~None)
[youtube]     Downloading comment API JSON reply thread 10 (2522/~None)
[youtube]        Downloading comment replies API JSON page 1 (2531/~None)
[youtube]        Downloading comment replies API JSON page 2 (2541/~None)
[youtube]        Downloading comment replies API JSON page 3 (2550/~None)
[youtube]        Downloading comment replies API JSON page 4 (2560/~None)
[youtube]        Downloading comment replies API JSON page 5 (2569/~None)
[youtube]        Downloading comment replies API JSON page 6 (2579/~None)
[youtube]     Downloading comment API JSON reply thread 11 (2589/~None)
[youtube]     Downloading comment API JSON reply thread 12 (2592/~None)
[youtube]     Downloading comment API JSON reply thread 13 (2596/~None)
[youtube]        Downloading comment replies API JSON page 1 (2605/~None)
[youtube]     Downloading comment API JSON reply thread 14 (2609/~None)
[youtube]     Downloading comment API JSON reply thread 15 (2615/~None)
[youtube]     Downloading comment API JSON reply thread 16 (2622/~None)
[youtube]        Downloading comment replies API JSON page 1 (2631/~None)
[youtube]        Downloading comment replies API JSON page 2 (2639/~None)
[youtube]     Downloading comment API JSON reply thread 17 (2646/~None)
[youtube]        Downloading comment replies API JSON page 1 (2655/~None)
[youtube]        Downloading comment replies API JSON page 2 (2664/~None)
[youtube] Downloading comment API JSON page 4 (2672/~None)
[youtube]     Downloading comment API JSON reply thread 1 (2673/~None)
[youtube]        Downloading comment replies API JSON page 1 (2682/~None)
[youtube]     Downloading comment API JSON reply thread 2 (2685/~None)
[youtube]        Downloading comment replies API JSON page 1 (2695/~None)
[youtube]     Downloading comment API JSON reply thread 3 (2706/~None)
[youtube]        Downloading comment replies API JSON page 1 (2716/~None)
[youtube]        Downloading comment replies API JSON page 2 (2725/~None)
[youtube]     Downloading comment API JSON reply thread 4 (2734/~None)
[youtube]        Downloading comment replies API JSON page 1 (2741/~None)
[youtube]        Downloading comment replies API JSON page 2 (2747/~None)
[youtube]     Downloading comment API JSON reply thread 5 (2750/~None)
[youtube]        Downloading comment replies API JSON page 1 (2759/~None)
[youtube]        Downloading comment replies API JSON page 2 (2768/~None)
[youtube]        Downloading comment replies API JSON page 3 (2778/~None)
[youtube]     Downloading comment API JSON reply thread 6 (2782/~None)
[youtube]        Downloading comment replies API JSON page 1 (2792/~None)
[youtube]        Downloading comment replies API JSON page 2 (2802/~None)
[youtube]     Downloading comment API JSON reply thread 7 (2808/~None)
[youtube]        Downloading comment replies API JSON page 1 (2818/~None)
[youtube]        Downloading comment replies API JSON page 2 (2828/~None)
[youtube]        Downloading comment replies API JSON page 3 (2838/~None)
[youtube]        Downloading comment replies API JSON page 4 (2848/~None)
[youtube]        Downloading comment replies API JSON page 5 (2857/~None)
[youtube]        Downloading comment replies API JSON page 6 (2867/~None)
[youtube]     Downloading comment API JSON reply thread 8 (2874/~None)
[youtube]        Downloading comment replies API JSON page 1 (2884/~None)
[youtube]     Downloading comment API JSON reply thread 9 (2889/~None)
[youtube]        Downloading comment replies API JSON page 1 (2898/~None)
[youtube]     Downloading comment API JSON reply thread 10 (2901/~None)
[youtube]     Downloading comment API JSON reply thread 11 (2905/~None)
[youtube]     Downloading comment API JSON reply thread 12 (2909/~None)
[youtube]        Downloading comment replies API JSON page 1 (2918/~None)
[youtube]     Downloading comment API JSON reply thread 13 (2928/~None)
[youtube]        Downloading comment replies API JSON page 1 (2938/~None)
[youtube]     Downloading comment API JSON reply thread 14 (2940/~None)
[youtube]     Downloading comment API JSON reply thread 15 (2948/~None)
[youtube]        Downloading comment replies API JSON page 1 (2957/~None)
[youtube]        Downloading comment replies API JSON page 2 (2967/~None)
[youtube]        Downloading comment replies API JSON page 3 (2977/~None)
[youtube]        Downloading comment replies API JSON page 4 (2987/~None)
[youtube]        Downloading comment replies API JSON page 5 (2996/~None)
[youtube] Downloading comment API JSON page 5 (3005/~None)
[youtube]     Downloading comment API JSON reply thread 1 (3006/~None)
[youtube]        Downloading comment replies API JSON page 1 (3015/~None)
[youtube]     Downloading comment API JSON reply thread 2 (3018/~None)
[youtube]     Downloading comment API JSON reply thread 3 (3023/~None)
[youtube]        Downloading comment replies API JSON page 1 (3033/~None)
[youtube]        Downloading comment replies API JSON page 2 (3043/~None)
[youtube]        Downloading comment replies API JSON page 3 (3053/~None)
[youtube]        Downloading comment replies API JSON page 4 (3062/~None)
[youtube]     Downloading comment API JSON reply thread 4 (3065/~None)
[youtube]     Downloading comment API JSON reply thread 5 (3068/~None)
[youtube]     Downloading comment API JSON reply thread 6 (3079/~None)
[youtube]     Downloading comment API JSON reply thread 7 (3085/~None)
[youtube]        Downloading comment replies API JSON page 1 (3092/~None)
[youtube]        Downloading comment replies API JSON page 2 (3101/~None)
[youtube]        Downloading comment replies API JSON page 3 (3111/~None)
[youtube]        Downloading comment replies API JSON page 4 (3119/~None)
[youtube]     Downloading comment API JSON reply thread 8 (3124/~None)
[youtube]     Downloading comment API JSON reply thread 9 (3129/~None)
[youtube]     Downloading comment API JSON reply thread 10 (3134/~None)
[youtube]     Downloading comment API JSON reply thread 11 (3143/~None)
[youtube]     Downloading comment API JSON reply thread 12 (3145/~None)
[youtube]        Downloading comment replies API JSON page 1 (3155/~None)
[youtube]        Downloading comment replies API JSON page 2 (3165/~None)
[youtube]     Downloading comment API JSON reply thread 13 (3169/~None)
[youtube]     Downloading comment API JSON reply thread 14 (3173/~None)
[youtube]     Downloading comment API JSON reply thread 15 (3178/~None)
[youtube]     Downloading comment API JSON reply thread 16 (3185/~None)
[youtube]        Downloading comment replies API JSON page 1 (3194/~None)
[youtube]     Downloading comment API JSON reply thread 17 (3196/~None)
[youtube]        Downloading comment replies API JSON page 1 (3204/~None)
[youtube] Downloading comment API JSON page 6 (3212/~None)
[youtube]     Downloading comment API JSON reply thread 1 (3213/~None)
[youtube]     Downloading comment API JSON reply thread 2 (3222/~None)
[youtube]        Downloading comment replies API JSON page 1 (3230/~None)
[youtube]        Downloading comment replies API JSON page 2 (3239/~None)
[youtube]        Downloading comment replies API JSON page 3 (3249/~None)
[youtube]     Downloading comment API JSON reply thread 3 (3257/~None)
[youtube]        Downloading comment replies API JSON page 1 (3266/~None)
[youtube]        Downloading comment replies API JSON page 2 (3275/~None)
[youtube]        Downloading comment replies API JSON page 3 (3285/~None)
[youtube]        Downloading comment replies API JSON page 4 (3295/~None)
[youtube]        Downloading comment replies API JSON page 5 (3305/~None)
[youtube]        Downloading comment replies API JSON page 6 (3315/~None)
[youtube]     Downloading comment API JSON reply thread 4 (3319/~None)
[youtube]        Downloading comment replies API JSON page 1 (3328/~None)
[youtube]        Downloading comment replies API JSON page 2 (3337/~None)
[youtube]        Downloading comment replies API JSON page 3 (3347/~None)
[youtube]        Downloading comment replies API JSON page 4 (3357/~None)
[youtube]     Downloading comment API JSON reply thread 5 (3366/~None)
[youtube]        Downloading comment replies API JSON page 1 (3376/~None)
[youtube]        Downloading comment replies API JSON page 2 (3386/~None)
[youtube]        Downloading comment replies API JSON page 3 (3395/~None)
[youtube]        Downloading comment replies API JSON page 4 (3403/~None)
[youtube]        Downloading comment replies API JSON page 5 (3411/~None)
[youtube]        Downloading comment replies API JSON page 6 (3421/~None)
[youtube]     Downloading comment API JSON reply thread 6 (3424/~None)
[youtube]        Downloading comment replies API JSON page 1 (3434/~None)
[youtube]        Downloading comment replies API JSON page 2 (3444/~None)
[youtube]     Downloading comment API JSON reply thread 7 (3451/~None)
[youtube]        Downloading comment replies API JSON page 1 (3461/~None)
[youtube]     Downloading comment API JSON reply thread 8 (3467/~None)
[youtube]        Downloading comment replies API JSON page 1 (3477/~None)
[youtube]        Downloading comment replies API JSON page 2 (3487/~None)
[youtube]        Downloading comment replies API JSON page 3 (3497/~None)
[youtube]        Downloading comment replies API JSON page 4 (3506/~None)
[youtube]        Downloading comment replies API JSON page 5 (3516/~None)
[youtube]     Downloading comment API JSON reply thread 9 (3526/~None)
[youtube]     Downloading comment API JSON reply thread 10 (3530/~None)
[youtube]     Downloading comment API JSON reply thread 11 (3534/~None)
[youtube]     Downloading comment API JSON reply thread 12 (3542/~None)
[youtube]     Downloading comment API JSON reply thread 13 (3548/~None)
[youtube]        Downloading comment replies API JSON page 1 (3557/~None)
[youtube]        Downloading comment replies API JSON page 2 (3565/~None)
[youtube]        Downloading comment replies API JSON page 3 (3575/~None)
[youtube]        Downloading comment replies API JSON page 4 (3583/~None)
[youtube]     Downloading comment API JSON reply thread 14 (3588/~None)
[youtube]        Downloading comment replies API JSON page 1 (3598/~None)
[youtube]     Downloading comment API JSON reply thread 15 (3602/~None)
[youtube] Downloading comment API JSON page 7 (3606/~None)
[youtube]     Downloading comment API JSON reply thread 1 (3607/~None)
[youtube]     Downloading comment API JSON reply thread 2 (3613/~None)
[youtube]     Downloading comment API JSON reply thread 3 (3616/~None)
[youtube]     Downloading comment API JSON reply thread 4 (3626/~None)
[youtube]        Downloading comment replies API JSON page 1 (3636/~None)
[youtube]        Downloading comment replies API JSON page 2 (3646/~None)
[youtube]        Downloading comment replies API JSON page 3 (3656/~None)
[youtube]        Downloading comment replies API JSON page 4 (3665/~None)
[youtube]        Downloading comment replies API JSON page 5 (3673/~None)
[youtube]        Downloading comment replies API JSON page 6 (3683/~None)
[youtube]        Downloading comment replies API JSON page 7 (3693/~None)
[youtube]        Downloading comment replies API JSON page 8 (3701/~None)
[youtube]        Downloading comment replies API JSON page 9 (3710/~None)
[youtube]     Downloading comment API JSON reply thread 5 (3714/~None)
[youtube]        Downloading comment replies API JSON page 1 (3723/~None)
[youtube]        Downloading comment replies API JSON page 2 (3732/~None)
[youtube]     Downloading comment API JSON reply thread 6 (3743/~None)
[youtube]     Downloading comment API JSON reply thread 7 (3753/~None)
[youtube]        Downloading comment replies API JSON page 1 (3762/~None)
[youtube]        Downloading comment replies API JSON page 2 (3772/~None)
[youtube]     Downloading comment API JSON reply thread 8 (3781/~None)
[youtube]     Downloading comment API JSON reply thread 9 (3784/~None)
[youtube]        Downloading comment replies API JSON page 1 (3793/~None)
[youtube]        Downloading comment replies API JSON page 2 (3802/~None)
[youtube]        Downloading comment replies API JSON page 3 (3812/~None)
[youtube]        Downloading comment replies API JSON page 4 (3822/~None)
[youtube]        Downloading comment replies API JSON page 5 (3832/~None)
[youtube]        Downloading comment replies API JSON page 6 (3839/~None)
[youtube]        Downloading comment replies API JSON page 7 (3846/~None)
[youtube]     Downloading comment API JSON reply thread 10 (3855/~None)
[youtube]     Downloading comment API JSON reply thread 11 (3857/~None)
[youtube]        Downloading comment replies API JSON page 1 (3866/~None)
[youtube]        Downloading comment replies API JSON page 2 (3876/~None)
[youtube]        Downloading comment replies API JSON page 3 (3886/~None)
[youtube]     Downloading comment API JSON reply thread 12 (3894/~None)
[youtube]        Downloading comment replies API JSON page 1 (3904/~None)
[youtube]        Downloading comment replies API JSON page 2 (3912/~None)
[youtube]        Downloading comment replies API JSON page 3 (3921/~None)
[youtube]     Downloading comment API JSON reply thread 13 (3932/~None)
[youtube]        Downloading comment replies API JSON page 1 (3942/~None)
[youtube]        Downloading comment replies API JSON page 2 (3950/~None)
[youtube]        Downloading comment replies API JSON page 3 (3960/~None)
[youtube]        Downloading comment replies API JSON page 4 (3970/~None)
[youtube]     Downloading comment API JSON reply thread 14 (3980/~None)
[youtube]        Downloading comment replies API JSON page 1 (3990/~None)
[youtube]        Downloading comment replies API JSON page 2 (4000/~None)
[youtube]        Downloading comment replies API JSON page 3 (4010/~None)
[youtube]        Downloading comment replies API JSON page 4 (4019/~None)
[youtube]     Downloading comment API JSON reply thread 15 (4026/~None)
[youtube]        Downloading comment replies API JSON page 1 (4036/~None)
[youtube]     Downloading comment API JSON reply thread 16 (4045/~None)
[youtube]        Downloading comment replies API JSON page 1 (4055/~None)
[youtube]     Downloading comment API JSON reply thread 17 (4061/~None)
[youtube] Downloading comment API JSON page 8 (4065/~None)
[youtube]     Downloading comment API JSON reply thread 1 (4066/~None)
[youtube]     Downloading comment API JSON reply thread 2 (4073/~None)
[youtube]     Downloading comment API JSON reply thread 3 (4083/~None)
[youtube]     Downloading comment API JSON reply thread 4 (4094/~None)
[youtube]        Downloading comment replies API JSON page 1 (4104/~None)
[youtube]     Downloading comment API JSON reply thread 5 (4113/~None)
[youtube]        Downloading comment replies API JSON page 1 (4123/~None)
[youtube]        Downloading comment replies API JSON page 2 (4133/~None)
[youtube]     Downloading comment API JSON reply thread 6 (4138/~None)
[youtube]        Downloading comment replies API JSON page 1 (4147/~None)
[youtube]        Downloading comment replies API JSON page 2 (4157/~None)
[youtube]        Downloading comment replies API JSON page 3 (4165/~None)
[youtube]        Downloading comment replies API JSON page 4 (4174/~None)
[youtube]     Downloading comment API JSON reply thread 7 (4179/~None)
[youtube]        Downloading comment replies API JSON page 1 (4189/~None)
[youtube]        Downloading comment replies API JSON page 2 (4199/~None)
[youtube]        Downloading comment replies API JSON page 3 (4209/~None)
[youtube]        Downloading comment replies API JSON page 4 (4218/~None)
[youtube]     Downloading comment API JSON reply thread 8 (4227/~None)
[youtube]        Downloading comment replies API JSON page 1 (4237/~None)
[youtube]     Downloading comment API JSON reply thread 9 (4239/~None)
[youtube]        Downloading comment replies API JSON page 1 (4249/~None)
[youtube]     Downloading comment API JSON reply thread 10 (4260/~None)
[youtube]     Downloading comment API JSON reply thread 11 (4266/~None)
[youtube]        Downloading comment replies API JSON page 1 (4276/~None)
[youtube]        Downloading comment replies API JSON page 2 (4284/~None)
[youtube]     Downloading comment API JSON reply thread 12 (4286/~None)
[youtube]     Downloading comment API JSON reply thread 13 (4293/~None)
[youtube]        Downloading comment replies API JSON page 1 (4301/~None)
[youtube]        Downloading comment replies API JSON page 2 (4310/~None)
[youtube]     Downloading comment API JSON reply thread 14 (4313/~None)
[youtube]     Downloading comment API JSON reply thread 15 (4317/~None)
[youtube] Downloading comment API JSON page 9 (4325/~None)
[youtube]     Downloading comment API JSON reply thread 1 (4327/~None)
[youtube]        Downloading comment replies API JSON page 1 (4337/~None)
[youtube]     Downloading comment API JSON reply thread 2 (4342/~None)
[youtube]     Downloading comment API JSON reply thread 3 (4346/~None)
[youtube]        Downloading comment replies API JSON page 1 (4356/~None)
[youtube]     Downloading comment API JSON reply thread 4 (4359/~None)
[youtube]        Downloading comment replies API JSON page 1 (4369/~None)
[youtube]     Downloading comment API JSON reply thread 5 (4372/~None)
[youtube]     Downloading comment API JSON reply thread 6 (4376/~None)
[youtube]        Downloading comment replies API JSON page 1 (4386/~None)
[youtube]     Downloading comment API JSON reply thread 7 (4396/~None)
[youtube]        Downloading comment replies API JSON page 1 (4406/~None)
[youtube]     Downloading comment API JSON reply thread 8 (4409/~None)
[youtube]        Downloading comment replies API JSON page 1 (4419/~None)
[youtube]        Downloading comment replies API JSON page 2 (4428/~None)
[youtube]        Downloading comment replies API JSON page 3 (4438/~None)
[youtube]        Downloading comment replies API JSON page 4 (4446/~None)
[youtube]        Downloading comment replies API JSON page 5 (4454/~None)
[youtube]        Downloading comment replies API JSON page 6 (4463/~None)
[youtube]        Downloading comment replies API JSON page 7 (4472/~None)
[youtube]        Downloading comment replies API JSON page 8 (4480/~None)
[youtube]     Downloading comment API JSON reply thread 9 (4486/~None)
[youtube]        Downloading comment replies API JSON page 1 (4496/~None)
[youtube]        Downloading comment replies API JSON page 2 (4505/~None)
[youtube]        Downloading comment replies API JSON page 3 (4511/~None)
[youtube]        Downloading comment replies API JSON page 4 (4519/~None)
[youtube]     Downloading comment API JSON reply thread 10 (4525/~None)
[youtube]     Downloading comment API JSON reply thread 11 (4528/~None)
[youtube]        Downloading comment replies API JSON page 1 (4537/~None)
[youtube]        Downloading comment replies API JSON page 2 (4547/~None)
[youtube]     Downloading comment API JSON reply thread 12 (4557/~None)
[youtube]     Downloading comment API JSON reply thread 13 (4561/~None)
[youtube]     Downloading comment API JSON reply thread 14 (4567/~None)
[youtube]        Downloading comment replies API JSON page 1 (4575/~None)
[youtube]     Downloading comment API JSON reply thread 15 (4580/~None)
[youtube]     Downloading comment API JSON reply thread 16 (4591/~None)
[youtube]        Downloading comment replies API JSON page 1 (4599/~None)
[youtube] Downloading comment API JSON page 10 (4607/~None)
[youtube]     Downloading comment API JSON reply thread 1 (4608/~None)
[youtube]        Downloading comment replies API JSON page 1 (4617/~None)
[youtube]        Downloading comment replies API JSON page 2 (4627/~None)
[youtube]     Downloading comment API JSON reply thread 2 (4629/~None)
[youtube]        Downloading comment replies API JSON page 1 (4637/~None)
[youtube]     Downloading comment API JSON reply thread 3 (4643/~None)
[youtube]        Downloading comment replies API JSON page 1 (4653/~None)
[youtube]     Downloading comment API JSON reply thread 4 (4656/~None)
[youtube]     Downloading comment API JSON reply thread 5 (4663/~None)
[youtube]     Downloading comment API JSON reply thread 6 (4671/~None)
[youtube]        Downloading comment replies API JSON page 1 (4680/~None)
[youtube]     Downloading comment API JSON reply thread 7 (4685/~None)
[youtube]        Downloading comment replies API JSON page 1 (4693/~None)
[youtube]     Downloading comment API JSON reply thread 8 (4698/~None)
[youtube]        Downloading comment replies API JSON page 1 (4707/~None)
[youtube]     Downloading comment API JSON reply thread 9 (4711/~None)
[youtube]     Downloading comment API JSON reply thread 10 (4716/~None)
[youtube]        Downloading comment replies API JSON page 1 (4726/~None)
[youtube]     Downloading comment API JSON reply thread 11 (4728/~None)
[youtube]     Downloading comment API JSON reply thread 12 (4737/~None)
[youtube]     Downloading comment API JSON reply thread 13 (4745/~None)
[youtube]        Downloading comment replies API JSON page 1 (4754/~None)
[youtube]        Downloading comment replies API JSON page 2 (4763/~None)
[youtube]        Downloading comment replies API JSON page 3 (4772/~None)
[youtube]     Downloading comment API JSON reply thread 14 (4783/~None)
[youtube]        Downloading comment replies API JSON page 1 (4793/~None)
[youtube]        Downloading comment replies API JSON page 2 (4803/~None)
[youtube]        Downloading comment replies API JSON page 3 (4812/~None)
[youtube]        Downloading comment replies API JSON page 4 (4822/~None)
[youtube]        Downloading comment replies API JSON page 5 (4831/~None)
[youtube]        Downloading comment replies API JSON page 6 (4841/~None)
[youtube]        Downloading comment replies API JSON page 7 (4850/~None)
[youtube]     Downloading comment API JSON reply thread 15 (4855/~None)
[youtube]        Downloading comment replies API JSON page 1 (4865/~None)
[youtube]        Downloading comment replies API JSON page 2 (4873/~None)
[youtube]        Downloading comment replies API JSON page 3 (4881/~None)
[youtube]        Downloading comment replies API JSON page 4 (4889/~None)
[youtube]        Downloading comment replies API JSON page 5 (4898/~None)
[youtube]        Downloading comment replies API JSON page 6 (4908/~None)
[youtube]        Downloading comment replies API JSON page 7 (4918/~None)
[youtube]        Downloading comment replies API JSON page 8 (4927/~None)
[youtube]        Downloading comment replies API JSON page 9 (4936/~None)
[youtube] Downloading comment API JSON page 11 (4939/~None)
[youtube]     Downloading comment API JSON reply thread 1 (4940/~None)
[youtube]        Downloading comment replies API JSON page 1 (4950/~None)
[youtube]        Downloading comment replies API JSON page 2 (4960/~None)
[youtube]     Downloading comment API JSON reply thread 2 (4968/~None)
[youtube]     Downloading comment API JSON reply thread 3 (4976/~None)
[youtube]     Downloading comment API JSON reply thread 4 (4988/~None)
[youtube]        Downloading comment replies API JSON page 1 (4998/~None)
[youtube]        Downloading comment replies API JSON page 2 (5006/~None)
[youtube]     Downloading comment API JSON reply thread 5 (5009/~None)
[youtube]     Downloading comment API JSON reply thread 6 (5019/~None)
[youtube]        Downloading comment replies API JSON page 1 (5028/~None)
[youtube]     Downloading comment API JSON reply thread 7 (5036/~None)
[youtube]        Downloading comment replies API JSON page 1 (5046/~None)
[youtube]        Downloading comment replies API JSON page 2 (5056/~None)
[youtube]     Downloading comment API JSON reply thread 8 (5058/~None)
[youtube]        Downloading comment replies API JSON page 1 (5068/~None)
[youtube]        Downloading comment replies API JSON page 2 (5075/~None)
[youtube]        Downloading comment replies API JSON page 3 (5083/~None)
[youtube]        Downloading comment replies API JSON page 4 (5093/~None)
[youtube]        Downloading comment replies API JSON page 5 (5103/~None)
[youtube]        Downloading comment replies API JSON page 6 (5111/~None)
[youtube]        Downloading comment replies API JSON page 7 (5119/~None)
[youtube]        Downloading comment replies API JSON page 8 (5126/~None)
[youtube]        Downloading comment replies API JSON page 9 (5136/~None)
[youtube]        Downloading comment replies API JSON page 10 (5145/~None)
[youtube]     Downloading comment API JSON reply thread 9 (5154/~None)
[youtube]     Downloading comment API JSON reply thread 10 (5164/~None)
[youtube]        Downloading comment replies API JSON page 1 (5174/~None)
[youtube]     Downloading comment API JSON reply thread 11 (5184/~None)
[youtube]     Downloading comment API JSON reply thread 12 (5193/~None)
[youtube]     Downloading comment API JSON reply thread 13 (5198/~None)
[youtube]        Downloading comment replies API JSON page 1 (5208/~None)
[youtube]     Downloading comment API JSON reply thread 14 (5218/~None)
[youtube]        Downloading comment replies API JSON page 1 (5228/~None)
[youtube]        Downloading comment replies API JSON page 2 (5235/~None)
[youtube]        Downloading comment replies API JSON page 3 (5244/~None)
[youtube]        Downloading comment replies API JSON page 4 (5254/~None)
[youtube]     Downloading comment API JSON reply thread 15 (5260/~None)
[youtube] Downloading comment API JSON page 12 (5271/~None)
[youtube]     Downloading comment API JSON reply thread 1 (5272/~None)
[youtube]     Downloading comment API JSON reply thread 2 (5280/~None)
[youtube]     Downloading comment API JSON reply thread 3 (5288/~None)
[youtube]        Downloading comment replies API JSON page 1 (5298/~None)
[youtube]        Downloading comment replies API JSON page 2 (5308/~None)
[youtube]        Downloading comment replies API JSON page 3 (5318/~None)
[youtube]        Downloading comment replies API JSON page 4 (5328/~None)
[youtube]        Downloading comment replies API JSON page 5 (5337/~None)
[youtube]        Downloading comment replies API JSON page 6 (5345/~None)
[youtube]        Downloading comment replies API JSON page 7 (5354/~None)
[youtube]        Downloading comment replies API JSON page 8 (5364/~None)
[youtube]        Downloading comment replies API JSON page 9 (5374/~None)
[youtube]     Downloading comment API JSON reply thread 4 (5383/~None)
[youtube]     Downloading comment API JSON reply thread 5 (5386/~None)
[youtube]     Downloading comment API JSON reply thread 6 (5392/~None)
[youtube]     Downloading comment API JSON reply thread 7 (5397/~None)
[youtube]        Downloading comment replies API JSON page 1 (5407/~None)
[youtube]        Downloading comment replies API JSON page 2 (5417/~None)
[youtube]        Downloading comment replies API JSON page 3 (5427/~None)
[youtube]        Downloading comment replies API JSON page 4 (5435/~None)
[youtube]        Downloading comment replies API JSON page 5 (5444/~None)
[youtube]        Downloading comment replies API JSON page 6 (5454/~None)
[youtube]        Downloading comment replies API JSON page 7 (5463/~None)
[youtube]        Downloading comment replies API JSON page 8 (5472/~None)
[youtube]     Downloading comment API JSON reply thread 8 (5483/~None)
[youtube]        Downloading comment replies API JSON page 1 (5493/~None)
[youtube]     Downloading comment API JSON reply thread 9 (5499/~None)
[youtube]        Downloading comment replies API JSON page 1 (5508/~None)
[youtube]     Downloading comment API JSON reply thread 10 (5513/~None)
[youtube]        Downloading comment replies API JSON page 1 (5522/~None)
[youtube]     Downloading comment API JSON reply thread 11 (5530/~None)
[youtube]        Downloading comment replies API JSON page 1 (5538/~None)
[youtube]     Downloading comment API JSON reply thread 12 (5542/~None)
[youtube]        Downloading comment replies API JSON page 1 (5551/~None)
[youtube]        Downloading comment replies API JSON page 2 (5560/~None)
[youtube]     Downloading comment API JSON reply thread 13 (5562/~None)
[youtube]     Downloading comment API JSON reply thread 14 (5572/~None)
[youtube]     Downloading comment API JSON reply thread 15 (5582/~None)
[youtube]     Downloading comment API JSON reply thread 16 (5591/~None)
[youtube] Downloading comment API JSON page 13 (5600/~None)
[youtube]     Downloading comment API JSON reply thread 1 (5601/~None)
[youtube]     Downloading comment API JSON reply thread 2 (5608/~None)
[youtube]        Downloading comment replies API JSON page 1 (5618/~None)
[youtube]        Downloading comment replies API JSON page 2 (5628/~None)
[youtube]        Downloading comment replies API JSON page 3 (5638/~None)
[youtube]     Downloading comment API JSON reply thread 3 (5648/~None)
[youtube]        Downloading comment replies API JSON page 1 (5658/~None)
[youtube]        Downloading comment replies API JSON page 2 (5668/~None)
[youtube]        Downloading comment replies API JSON page 3 (5678/~None)
[youtube]     Downloading comment API JSON reply thread 4 (5684/~None)
[youtube]     Downloading comment API JSON reply thread 5 (5695/~None)
[youtube]        Downloading comment replies API JSON page 1 (5705/~None)
[youtube]     Downloading comment API JSON reply thread 6 (5716/~None)
[youtube]     Downloading comment API JSON reply thread 7 (5724/~None)
[youtube]        Downloading comment replies API JSON page 1 (5733/~None)
[youtube]     Downloading comment API JSON reply thread 8 (5735/~None)
[youtube]     Downloading comment API JSON reply thread 9 (5746/~None)
[youtube]        Downloading comment replies API JSON page 1 (5756/~None)
[youtube]        Downloading comment replies API JSON page 2 (5764/~None)
[youtube]     Downloading comment API JSON reply thread 10 (5771/~None)
[youtube]     Downloading comment API JSON reply thread 11 (5778/~None)
[youtube]     Downloading comment API JSON reply thread 12 (5786/~None)
[youtube]     Downloading comment API JSON reply thread 13 (5791/~None)
[youtube]     Downloading comment API JSON reply thread 14 (5793/~None)
[youtube]        Downloading comment replies API JSON page 1 (5802/~None)
[youtube]     Downloading comment API JSON reply thread 15 (5807/~None)
[youtube]        Downloading comment replies API JSON page 1 (5817/~None)
[youtube]        Downloading comment replies API JSON page 2 (5827/~None)
[youtube]     Downloading comment API JSON reply thread 16 (5834/~None)
[youtube]        Downloading comment replies API JSON page 1 (5843/~None)
[youtube] Downloading comment API JSON page 14 (5848/~None)
[youtube]     Downloading comment API JSON reply thread 1 (5849/~None)
[youtube]        Downloading comment replies API JSON page 1 (5859/~None)
[youtube]        Downloading comment replies API JSON page 2 (5868/~None)
[youtube]        Downloading comment replies API JSON page 3 (5877/~None)
[youtube]     Downloading comment API JSON reply thread 2 (5882/~None)
[youtube]        Downloading comment replies API JSON page 1 (5891/~None)
[youtube]        Downloading comment replies API JSON page 2 (5901/~None)
[youtube]        Downloading comment replies API JSON page 3 (5909/~None)
[youtube]        Downloading comment replies API JSON page 4 (5919/~None)
[youtube]        Downloading comment replies API JSON page 5 (5928/~None)
[youtube]        Downloading comment replies API JSON page 6 (5936/~None)
[youtube]     Downloading comment API JSON reply thread 3 (5939/~None)
[youtube]        Downloading comment replies API JSON page 1 (5948/~None)
[youtube]        Downloading comment replies API JSON page 2 (5957/~None)
[youtube]     Downloading comment API JSON reply thread 4 (5963/~None)
[youtube]        Downloading comment replies API JSON page 1 (5972/~None)
[youtube]     Downloading comment API JSON reply thread 5 (5974/~None)
[youtube]        Downloading comment replies API JSON page 1 (5984/~None)
[youtube]     Downloading comment API JSON reply thread 6 (5992/~None)
[youtube]     Downloading comment API JSON reply thread 7 (5999/~None)
[youtube]        Downloading comment replies API JSON page 1 (6009/~None)
[youtube]     Downloading comment API JSON reply thread 8 (6013/~None)
[youtube]        Downloading comment replies API JSON page 1 (6023/~None)
[youtube]     Downloading comment API JSON reply thread 9 (6027/~None)
[youtube]        Downloading comment replies API JSON page 1 (6036/~None)
[youtube]        Downloading comment replies API JSON page 2 (6046/~None)
[youtube]     Downloading comment API JSON reply thread 10 (6051/~None)
[youtube]        Downloading comment replies API JSON page 1 (6059/~None)
[youtube]     Downloading comment API JSON reply thread 11 (6065/~None)
[youtube]        Downloading comment replies API JSON page 1 (6075/~None)
[youtube]        Downloading comment replies API JSON page 2 (6084/~None)
[youtube]     Downloading comment API JSON reply thread 12 (6095/~None)
[youtube]     Downloading comment API JSON reply thread 13 (6103/~None)
[youtube]     Downloading comment API JSON reply thread 14 (6110/~None)
[youtube]        Downloading comment replies API JSON page 1 (6118/~None)
[youtube]        Downloading comment replies API JSON page 2 (6126/~None)
[youtube]     Downloading comment API JSON reply thread 15 (6129/~None)
[youtube] Downloading comment API JSON page 15 (6139/~None)
[youtube]     Downloading comment API JSON reply thread 1 (6140/~None)
[youtube]     Downloading comment API JSON reply thread 2 (6148/~None)
[youtube]        Downloading comment replies API JSON page 1 (6158/~None)
[youtube]     Downloading comment API JSON reply thread 3 (6168/~None)
[youtube]     Downloading comment API JSON reply thread 4 (6172/~None)
[youtube]     Downloading comment API JSON reply thread 5 (6175/~None)
[youtube]        Downloading comment replies API JSON page 1 (6184/~None)
[youtube]        Downloading comment replies API JSON page 2 (6194/~None)
[youtube]        Downloading comment replies API JSON page 3 (6204/~None)
[youtube]        Downloading comment replies API JSON page 4 (6214/~None)
[youtube]        Downloading comment replies API JSON page 5 (6224/~None)
[youtube]        Downloading comment replies API JSON page 6 (6233/~None)
[youtube]     Downloading comment API JSON reply thread 6 (6239/~None)
[youtube]        Downloading comment replies API JSON page 1 (6249/~None)
[youtube]        Downloading comment replies API JSON page 2 (6257/~None)
[youtube]     Downloading comment API JSON reply thread 7 (6259/~None)
[youtube]        Downloading comment replies API JSON page 1 (6269/~None)
[youtube]        Downloading comment replies API JSON page 2 (6278/~None)
[youtube]     Downloading comment API JSON reply thread 8 (6285/~None)
[youtube]        Downloading comment replies API JSON page 1 (6295/~None)
[youtube]     Downloading comment API JSON reply thread 9 (6297/~None)
[youtube]        Downloading comment replies API JSON page 1 (6307/~None)
[youtube]        Downloading comment replies API JSON page 2 (6317/~None)
[youtube]     Downloading comment API JSON reply thread 10 (6320/~None)
[youtube]     Downloading comment API JSON reply thread 11 (6331/~None)
[youtube]        Downloading comment replies API JSON page 1 (6341/~None)
[youtube]        Downloading comment replies API JSON page 2 (6350/~None)
[youtube]        Downloading comment replies API JSON page 3 (6360/~None)
[youtube]        Downloading comment replies API JSON page 4 (6369/~None)
[youtube]        Downloading comment replies API JSON page 5 (6379/~None)
[youtube]        Downloading comment replies API JSON page 6 (6388/~None)
[youtube]     Downloading comment API JSON reply thread 12 (6392/~None)
[youtube]        Downloading comment replies API JSON page 1 (6402/~None)
[youtube]     Downloading comment API JSON reply thread 13 (6406/~None)
[youtube]     Downloading comment API JSON reply thread 14 (6415/~None)
[youtube]        Downloading comment replies API JSON page 1 (6425/~None)
[youtube]     Downloading comment API JSON reply thread 15 (6429/~None)
[youtube]        Downloading comment replies API JSON page 1 (6433/~None)
[youtube]        Downloading comment replies API JSON page 2 (6441/~None)
[youtube]     Downloading comment API JSON reply thread 16 (6447/~None)
[youtube]        Downloading comment replies API JSON page 1 (6457/~None)
[youtube]        Downloading comment replies API JSON page 2 (6467/~None)
[youtube]        Downloading comment replies API JSON page 3 (6475/~None)
WARNING: [youtube] Incomplete data received. Retrying (1/10)...
[youtube]        Downloading comment replies API JSON page 3 (6475/~None)
WARNING: [youtube] Incomplete data received. Retrying (2/10)...
[youtube]        Downloading comment replies API JSON page 3 (6475/~None)
WARNING: [youtube] Incomplete data received. Retrying (3/10)...
[youtube]        Downloading comment replies API JSON page 3 (6475/~None)
WARNING: [youtube] Incomplete data received. Retrying (4/10)...
[youtube]        Downloading comment replies API JSON page 3 (6475/~None)
WARNING: [youtube] Incomplete data received. Retrying (5/10)...
[youtube]        Downloading comment replies API JSON page 3 (6475/~None)
WARNING: [youtube] Incomplete data received. Retrying (6/10)...
[youtube]        Downloading comment replies API JSON page 3 (6475/~None)
WARNING: [youtube] Incomplete data received. Retrying (7/10)...
[youtube]        Downloading comment replies API JSON page 3 (6475/~None)
WARNING: [youtube] Incomplete data received. Retrying (8/10)...
[youtube]        Downloading comment replies API JSON page 3 (6475/~None)
WARNING: [youtube] Incomplete data received. Retrying (9/10)...
[youtube]        Downloading comment replies API JSON page 3 (6475/~None)
WARNING: [youtube] Incomplete data received. Retrying (10/10)...
[youtube]        Downloading comment replies API JSON page 3 (6475/~None)
WARNING: [youtube] Incomplete data received. Giving up after 10 retries
[youtube] Downloading comment API JSON page 16 (6476/~None)
[youtube]     Downloading comment API JSON reply thread 1 (6477/~None)
[youtube]     Downloading comment API JSON reply thread 2 (6486/~None)
[youtube]        Downloading comment replies API JSON page 1 (6495/~None)
[youtube]        Downloading comment replies API JSON page 2 (6504/~None)
[youtube]     Downloading comment API JSON reply thread 3 (6507/~None)
[youtube]     Downloading comment API JSON reply thread 4 (6516/~None)
[youtube]        Downloading comment replies API JSON page 1 (6526/~None)
[youtube]        Downloading comment replies API JSON page 2 (6533/~None)
[youtube]        Downloading comment replies API JSON page 3 (6543/~None)
[youtube]        Downloading comment replies API JSON page 4 (6553/~None)
[youtube]        Downloading comment replies API JSON page 5 (6563/~None)
[youtube]     Downloading comment API JSON reply thread 5 (6569/~None)
[youtube]     Downloading comment API JSON reply thread 6 (6577/~None)
[youtube]        Downloading comment replies API JSON page 1 (6586/~None)
[youtube]        Downloading comment replies API JSON page 2 (6596/~None)
[youtube]     Downloading comment API JSON reply thread 7 (6602/~None)
[youtube]     Downloading comment API JSON reply thread 8 (6605/~None)
[youtube]     Downloading comment API JSON reply thread 9 (6610/~None)
[youtube]     Downloading comment API JSON reply thread 10 (6621/~None)
[youtube]        Downloading comment replies API JSON page 1 (6631/~None)
[youtube]        Downloading comment replies API JSON page 2 (6641/~None)
[youtube]        Downloading comment replies API JSON page 3 (6651/~None)
[youtube]     Downloading comment API JSON reply thread 11 (6657/~None)
[youtube]     Downloading comment API JSON reply thread 12 (6659/~None)
[youtube]        Downloading comment replies API JSON page 1 (6669/~None)
[youtube]     Downloading comment API JSON reply thread 13 (6677/~None)
[youtube]     Downloading comment API JSON reply thread 14 (6686/~None)
[youtube]        Downloading comment replies API JSON page 1 (6696/~None)
[youtube]     Downloading comment API JSON reply thread 15 (6700/~None)
[youtube]     Downloading comment API JSON reply thread 16 (6707/~None)
[youtube]        Downloading comment replies API JSON page 1 (6717/~None)
[youtube]     Downloading comment API JSON reply thread 17 (6721/~None)
[youtube]        Downloading comment replies API JSON page 1 (6730/~None)
[youtube]        Downloading comment replies API JSON page 2 (6739/~None)
[youtube] Downloading comment API JSON page 17 (6742/~None)
[youtube]     Downloading comment API JSON reply thread 1 (6743/~None)
[youtube]        Downloading comment replies API JSON page 1 (6753/~None)
[youtube]        Downloading comment replies API JSON page 2 (6761/~None)
[youtube]     Downloading comment API JSON reply thread 2 (6772/~None)
[youtube]        Downloading comment replies API JSON page 1 (6782/~None)
[youtube]     Downloading comment API JSON reply thread 3 (6786/~None)
[youtube]        Downloading comment replies API JSON page 1 (6796/~None)
[youtube]        Downloading comment replies API JSON page 2 (6806/~None)
[youtube]        Downloading comment replies API JSON page 3 (6816/~None)
[youtube]        Downloading comment replies API JSON page 4 (6825/~None)
[youtube]     Downloading comment API JSON reply thread 4 (6832/~None)
[youtube]     Downloading comment API JSON reply thread 5 (6838/~None)
[youtube]        Downloading comment replies API JSON page 1 (6847/~None)
[youtube]     Downloading comment API JSON reply thread 6 (6849/~None)
[youtube]        Downloading comment replies API JSON page 1 (6859/~None)
[youtube]     Downloading comment API JSON reply thread 7 (6867/~None)
[youtube]        Downloading comment replies API JSON page 1 (6876/~None)
[youtube]        Downloading comment replies API JSON page 2 (6884/~None)
WARNING: [youtube] Incomplete data received. Retrying (1/10)...
[youtube]        Downloading comment replies API JSON page 2 (6884/~None)
WARNING: [youtube] Incomplete data received. Retrying (2/10)...
[youtube]        Downloading comment replies API JSON page 2 (6884/~None)
WARNING: [youtube] Incomplete data received. Retrying (3/10)...
[youtube]        Downloading comment replies API JSON page 2 (6884/~None)
WARNING: [youtube] Incomplete data received. Retrying (4/10)...
[youtube]        Downloading comment replies API JSON page 2 (6884/~None)
WARNING: [youtube] Incomplete data received. Retrying (5/10)...
[youtube]        Downloading comment replies API JSON page 2 (6884/~None)
WARNING: [youtube] Incomplete data received. Retrying (6/10)...
[youtube]        Downloading comment replies API JSON page 2 (6884/~None)
WARNING: [youtube] Incomplete data received. Retrying (7/10)...
[youtube]        Downloading comment replies API JSON page 2 (6884/~None)
WARNING: [youtube] Incomplete data received. Retrying (8/10)...
[youtube]        Downloading comment replies API JSON page 2 (6884/~None)
WARNING: [youtube] Incomplete data received. Retrying (9/10)...
[youtube]        Downloading comment replies API JSON page 2 (6884/~None)
WARNING: [youtube] Incomplete data received. Retrying (10/10)...
[youtube]        Downloading comment replies API JSON page 2 (6884/~None)
WARNING: [youtube] Incomplete data received. Giving up after 10 retries
[youtube]     Downloading comment API JSON reply thread 8 (6885/~None)
[youtube]     Downloading comment API JSON reply thread 9 (6893/~None)
[youtube]        Downloading comment replies API JSON page 1 (6903/~None)
[youtube]        Downloading comment replies API JSON page 2 (6911/~None)
[youtube]        Downloading comment replies API JSON page 3 (6921/~None)
[youtube]        Downloading comment replies API JSON page 4 (6930/~None)
[youtube]     Downloading comment API JSON reply thread 10 (6939/~None)
[youtube]        Downloading comment replies API JSON page 1 (6949/~None)
[youtube]        Downloading comment replies API JSON page 2 (6959/~None)
[youtube]        Downloading comment replies API JSON page 3 (6968/~None)
[youtube]        Downloading comment replies API JSON page 4 (6978/~None)
[youtube]        Downloading comment replies API JSON page 5 (6987/~None)
[youtube]     Downloading comment API JSON reply thread 11 (6991/~None)
[youtube]     Downloading comment API JSON reply thread 12 (7000/~None)
[youtube]        Downloading comment replies API JSON page 1 (7009/~None)
[youtube]        Downloading comment replies API JSON page 2 (7017/~None)
[youtube]     Downloading comment API JSON reply thread 13 (7024/~None)
[youtube]        Downloading comment replies API JSON page 1 (7034/~None)
[youtube]        Downloading comment replies API JSON page 2 (7044/~None)
[youtube]     Downloading comment API JSON reply thread 14 (7049/~None)
[youtube]        Downloading comment replies API JSON page 1 (7059/~None)
[youtube]     Downloading comment API JSON reply thread 15 (7067/~None)
[youtube]        Downloading comment replies API JSON page 1 (7077/~None)
[youtube]        Downloading comment replies API JSON page 2 (7086/~None)
[youtube]        Downloading comment replies API JSON page 3 (7095/~None)
[youtube] Downloading comment API JSON page 18 (7100/~None)
[youtube]     Downloading comment API JSON reply thread 1 (7101/~None)
[youtube]     Downloading comment API JSON reply thread 2 (7109/~None)
[youtube]     Downloading comment API JSON reply thread 3 (7118/~None)
[youtube]        Downloading comment replies API JSON page 1 (7128/~None)
[youtube]        Downloading comment replies API JSON page 2 (7138/~None)
[youtube]        Downloading comment replies API JSON page 3 (7148/~None)
[youtube]        Downloading comment replies API JSON page 4 (7158/~None)
[youtube]        Downloading comment replies API JSON page 5 (7168/~None)
[youtube]        Downloading comment replies API JSON page 6 (7178/~None)
[youtube]        Downloading comment replies API JSON page 7 (7187/~None)
[youtube]        Downloading comment replies API JSON page 8 (7195/~None)
[youtube]        Downloading comment replies API JSON page 9 (7205/~None)
[youtube]        Downloading comment replies API JSON page 10 (7215/~None)
[youtube]     Downloading comment API JSON reply thread 4 (7223/~None)
[youtube]        Downloading comment replies API JSON page 1 (7233/~None)
[youtube]        Downloading comment replies API JSON page 2 (7243/~None)
[youtube]        Downloading comment replies API JSON page 3 (7253/~None)
[youtube]        Downloading comment replies API JSON page 4 (7263/~None)
[youtube]        Downloading comment replies API JSON page 5 (7273/~None)
[youtube]        Downloading comment replies API JSON page 6 (7283/~None)
[youtube]        Downloading comment replies API JSON page 7 (7292/~None)
[youtube]        Downloading comment replies API JSON page 8 (7302/~None)
[youtube]        Downloading comment replies API JSON page 9 (7311/~None)
[youtube]        Downloading comment replies API JSON page 10 (7320/~None)
[youtube]     Downloading comment API JSON reply thread 5 (7331/~None)
[youtube]        Downloading comment replies API JSON page 1 (7339/~None)
[youtube]        Downloading comment replies API JSON page 2 (7347/~None)
[youtube]        Downloading comment replies API JSON page 3 (7357/~None)
[youtube]        Downloading comment replies API JSON page 4 (7365/~None)
[youtube]        Downloading comment replies API JSON page 5 (7374/~None)
[youtube]        Downloading comment replies API JSON page 6 (7382/~None)
[youtube]     Downloading comment API JSON reply thread 6 (7384/~None)
[youtube]        Downloading comment replies API JSON page 1 (7394/~None)
[youtube]     Downloading comment API JSON reply thread 7 (7403/~None)
[youtube]        Downloading comment replies API JSON page 1 (7413/~None)
[youtube]     Downloading comment API JSON reply thread 8 (7422/~None)
[youtube]        Downloading comment replies API JSON page 1 (7431/~None)
[youtube]        Downloading comment replies API JSON page 2 (7441/~None)
[youtube]     Downloading comment API JSON reply thread 9 (7443/~None)
[youtube]        Downloading comment replies API JSON page 1 (7451/~None)
[youtube]     Downloading comment API JSON reply thread 10 (7461/~None)
[youtube]        Downloading comment replies API JSON page 1 (7469/~None)
[youtube]        Downloading comment replies API JSON page 2 (7478/~None)
[youtube]        Downloading comment replies API JSON page 3 (7488/~None)
[youtube]     Downloading comment API JSON reply thread 11 (7494/~None)
[youtube]        Downloading comment replies API JSON page 1 (7504/~None)
[youtube] Downloading comment API JSON page 19 (7520/~None)
[youtube]     Downloading comment API JSON reply thread 1 (7522/~None)
[youtube] Downloading comment API JSON page 20 (7542/~None)
[youtube]     Downloading comment API JSON reply thread 1 (7549/~None)
[youtube]     Downloading comment API JSON reply thread 2 (7553/~None)
[youtube] Downloading comment API JSON page 21 (7565/~None)
[youtube]     Downloading comment API JSON reply thread 1 (7569/~None)
[youtube] Downloading comment API JSON page 22 (7586/~None)
[youtube]     Downloading comment API JSON reply thread 1 (7591/~None)
[youtube]     Downloading comment API JSON reply thread 2 (7601/~None)
[youtube] Downloading comment API JSON page 23 (7610/~None)
[youtube]     Downloading comment API JSON reply thread 1 (7622/~None)
[youtube]     Downloading comment API JSON reply thread 2 (7629/~None)
[youtube]     Downloading comment API JSON reply thread 3 (7631/~None)
[youtube] Downloading comment API JSON page 24 (7633/~None)
[youtube] Downloading comment API JSON page 25 (7653/~None)
[youtube]     Downloading comment API JSON reply thread 1 (7660/~None)
[youtube]     Downloading comment API JSON reply thread 2 (7665/~None)
[youtube]     Downloading comment API JSON reply thread 3 (7676/~None)
[youtube] Downloading comment API JSON page 26 (7679/~None)
[youtube]     Downloading comment API JSON reply thread 1 (7698/~None)
[youtube] Downloading comment API JSON page 27 (7701/~None)
[youtube] Downloading comment API JSON page 28 (7721/~None)
[youtube]     Downloading comment API JSON reply thread 1 (7724/~None)
[youtube]     Downloading comment API JSON reply thread 2 (7742/~None)
[youtube] Downloading comment API JSON page 29 (7745/~None)
[youtube] Downloading comment API JSON page 30 (7765/~None)
[youtube] Downloading comment API JSON page 31 (7785/~None)
[youtube]     Downloading comment API JSON reply thread 1 (7794/~None)
WARNING: [youtube] Incomplete data received. Retrying (1/10)...
[youtube]     Downloading comment API JSON reply thread 1 (7794/~None)
WARNING: [youtube] Incomplete data received. Retrying (2/10)...
[youtube]     Downloading comment API JSON reply thread 1 (7794/~None)
WARNING: [youtube] Incomplete data received. Retrying (3/10)...
[youtube]     Downloading comment API JSON reply thread 1 (7794/~None)
WARNING: [youtube] Incomplete data received. Retrying (4/10)...
[youtube]     Downloading comment API JSON reply thread 1 (7794/~None)
WARNING: [youtube] Incomplete data received. Retrying (5/10)...
[youtube]     Downloading comment API JSON reply thread 1 (7794/~None)
WARNING: [youtube] Incomplete data received. Retrying (6/10)...
[youtube]     Downloading comment API JSON reply thread 1 (7794/~None)
WARNING: [youtube] Incomplete data received. Retrying (7/10)...
[youtube]     Downloading comment API JSON reply thread 1 (7794/~None)
WARNING: [youtube] Incomplete data received. Retrying (8/10)...
[youtube]     Downloading comment API JSON reply thread 1 (7794/~None)
WARNING: [youtube] Incomplete data received. Retrying (9/10)...
[youtube]     Downloading comment API JSON reply thread 1 (7794/~None)
WARNING: [youtube] Incomplete data received. Retrying (10/10)...
[youtube]     Downloading comment API JSON reply thread 1 (7794/~None)
WARNING: [youtube] Incomplete data received. Giving up after 10 retries
[youtube] Downloading comment API JSON page 32 (7805/~None)
[youtube]     Downloading comment API JSON reply thread 1 (7820/~None)
[youtube]     Downloading comment API JSON reply thread 2 (7824/~None)
[youtube] Downloading comment API JSON page 33 (7830/~None)
[youtube] Downloading comment API JSON page 34 (7850/~None)
[youtube]     Downloading comment API JSON reply thread 1 (7859/~None)
[youtube]     Downloading comment API JSON reply thread 2 (7861/~None)
[youtube] Downloading comment API JSON page 35 (7873/~None)
[youtube]     Downloading comment API JSON reply thread 1 (7891/~None)
[youtube] Downloading comment API JSON page 36 (7894/~None)
[youtube] Downloading comment API JSON page 37 (7914/~None)
[youtube] Downloading comment API JSON page 38 (7934/~None)
[youtube]     Downloading comment API JSON reply thread 1 (7942/~None)
[youtube]     Downloading comment API JSON reply thread 2 (7949/~None)
[youtube] Downloading comment API JSON page 39 (7956/~None)
[youtube] Downloading comment API JSON page 40 (7976/~None)
[youtube]     Downloading comment API JSON reply thread 1 (7977/~None)
[youtube] Downloading comment API JSON page 41 (7997/~None)
[youtube] Downloading comment API JSON page 42 (8017/~None)
[youtube] Downloading comment API JSON page 43 (8037/~None)
[youtube]     Downloading comment API JSON reply thread 1 (8048/~None)
[youtube]     Downloading comment API JSON reply thread 2 (8059/~None)
[youtube] Downloading comment API JSON page 44 (8061/~None)
[youtube]     Downloading comment API JSON reply thread 1 (8065/~None)
[youtube] Downloading comment API JSON page 45 (8082/~None)
[youtube] Downloading comment API JSON page 46 (8102/~None)
[youtube]     Downloading comment API JSON reply thread 1 (8119/~None)
[youtube] Downloading comment API JSON page 47 (8123/~None)
[youtube] Downloading comment API JSON page 48 (8143/~None)
[youtube]     Downloading comment API JSON reply thread 1 (8145/~None)
[youtube]     Downloading comment API JSON reply thread 2 (8160/~None)
[youtube] Downloading comment API JSON page 49 (8166/~None)
[youtube]     Downloading comment API JSON reply thread 1 (8169/~None)
[youtube]     Downloading comment API JSON reply thread 2 (8176/~None)
[youtube]     Downloading comment API JSON reply thread 3 (8178/~None)
[youtube] Downloading comment API JSON page 50 (8189/~None)
[youtube]     Downloading comment API JSON reply thread 1 (8190/~None)
[youtube]     Downloading comment API JSON reply thread 2 (8192/~None)
[youtube]     Downloading comment API JSON reply thread 3 (8194/~None)
[youtube]     Downloading comment API JSON reply thread 4 (8202/~None)
[youtube]     Downloading comment API JSON reply thread 5 (8210/~None)
[youtube] Downloading comment API JSON page 51 (8215/~None)
[youtube]     Downloading comment API JSON reply thread 1 (8228/~None)
[youtube]     Downloading comment API JSON reply thread 2 (8231/~None)
[youtube]     Downloading comment API JSON reply thread 3 (8233/~None)
[youtube] Downloading comment API JSON page 52 (8238/~None)
[youtube]     Downloading comment API JSON reply thread 1 (8246/~None)
[youtube]     Downloading comment API JSON reply thread 2 (8252/~None)
[youtube] Downloading comment API JSON page 53 (8260/~None)
[youtube]     Downloading comment API JSON reply thread 1 (8269/~None)
[youtube]     Downloading comment API JSON reply thread 2 (8277/~None)
[youtube]     Downloading comment API JSON reply thread 3 (8279/~None)
[youtube] Downloading comment API JSON page 54 (8283/~None)
[youtube]     Downloading comment API JSON reply thread 1 (8292/~None)
WARNING: [youtube] Incomplete data received. Retrying (1/10)...
[youtube]     Downloading comment API JSON reply thread 1 (8292/~None)
WARNING: [youtube] Incomplete data received. Retrying (2/10)...
[youtube]     Downloading comment API JSON reply thread 1 (8292/~None)
WARNING: [youtube] Incomplete data received. Retrying (3/10)...
[youtube]     Downloading comment API JSON reply thread 1 (8292/~None)
WARNING: [youtube] Incomplete data received. Retrying (4/10)...
[youtube]     Downloading comment API JSON reply thread 1 (8292/~None)
WARNING: [youtube] Incomplete data received. Retrying (5/10)...
[youtube]     Downloading comment API JSON reply thread 1 (8292/~None)
WARNING: [youtube] Incomplete data received. Retrying (6/10)...
[youtube]     Downloading comment API JSON reply thread 1 (8292/~None)
WARNING: [youtube] Incomplete data received. Retrying (7/10)...
[youtube]     Downloading comment API JSON reply thread 1 (8292/~None)
WARNING: [youtube] Incomplete data received. Retrying (8/10)...
[youtube]     Downloading comment API JSON reply thread 1 (8292/~None)
WARNING: [youtube] Incomplete data received. Retrying (9/10)...
[youtube]     Downloading comment API JSON reply thread 1 (8292/~None)
WARNING: [youtube] Incomplete data received. Retrying (10/10)...
[youtube]     Downloading comment API JSON reply thread 1 (8292/~None)
WARNING: [youtube] Incomplete data received. Giving up after 10 retries
[youtube]     Downloading comment API JSON reply thread 2 (8295/~None)
[youtube]     Downloading comment API JSON reply thread 3 (8300/~None)
[youtube]     Downloading comment API JSON reply thread 4 (8304/~None)
[youtube] Downloading comment API JSON page 55 (8306/~None)
[youtube]     Downloading comment API JSON reply thread 1 (8308/~None)
[youtube]     Downloading comment API JSON reply thread 2 (8311/~None)
[youtube]     Downloading comment API JSON reply thread 3 (8314/~None)
[youtube]     Downloading comment API JSON reply thread 4 (8325/~None)
[youtube]     Downloading comment API JSON reply thread 5 (8328/~None)
[youtube] Downloading comment API JSON page 56 (8333/~None)
[youtube]     Downloading comment API JSON reply thread 1 (8334/~None)
[youtube]     Downloading comment API JSON reply thread 2 (8343/~None)
[youtube]     Downloading comment API JSON reply thread 3 (8345/~None)
[youtube]     Downloading comment API JSON reply thread 4 (8350/~None)
[youtube]     Downloading comment API JSON reply thread 5 (8358/~None)
[youtube]     Downloading comment API JSON reply thread 6 (8361/~None)
[youtube]     Downloading comment API JSON reply thread 7 (8364/~None)
[youtube]     Downloading comment API JSON reply thread 8 (8367/~None)
[youtube]     Downloading comment API JSON reply thread 9 (8370/~None)
[youtube] Downloading comment API JSON page 57 (8372/~None)
[youtube]     Downloading comment API JSON reply thread 1 (8373/~None)
[youtube]     Downloading comment API JSON reply thread 2 (8375/~None)
[youtube]     Downloading comment API JSON reply thread 3 (8377/~None)
[youtube]     Downloading comment API JSON reply thread 4 (8379/~None)
[youtube]     Downloading comment API JSON reply thread 5 (8381/~None)
[youtube]     Downloading comment API JSON reply thread 6 (8388/~None)
[youtube]     Downloading comment API JSON reply thread 7 (8392/~None)
[youtube]     Downloading comment API JSON reply thread 8 (8395/~None)
[youtube]     Downloading comment API JSON reply thread 9 (8398/~None)
[youtube]     Downloading comment API JSON reply thread 10 (8402/~None)
[youtube] Downloading comment API JSON page 58 (8404/~None)
[youtube]     Downloading comment API JSON reply thread 1 (8405/~None)
[youtube]     Downloading comment API JSON reply thread 2 (8416/~None)
[youtube]     Downloading comment API JSON reply thread 3 (8420/~None)
[youtube]     Downloading comment API JSON reply thread 4 (8425/~None)
[youtube]     Downloading comment API JSON reply thread 5 (8429/~None)
[youtube] Downloading comment API JSON page 59 (8431/~None)
[youtube]     Downloading comment API JSON reply thread 1 (8435/~None)
[youtube]     Downloading comment API JSON reply thread 2 (8439/~None)
[youtube]     Downloading comment API JSON reply thread 3 (8442/~None)
[youtube]     Downloading comment API JSON reply thread 4 (8448/~None)
[youtube]     Downloading comment API JSON reply thread 5 (8452/~None)
[youtube]     Downloading comment API JSON reply thread 6 (8454/~None)
[youtube]     Downloading comment API JSON reply thread 7 (8458/~None)
[youtube]     Downloading comment API JSON reply thread 8 (8461/~None)
[youtube] Downloading comment API JSON page 60 (8464/~None)
[youtube]     Downloading comment API JSON reply thread 1 (8465/~None)
[youtube]     Downloading comment API JSON reply thread 2 (8467/~None)
[youtube]     Downloading comment API JSON reply thread 3 (8473/~None)
[youtube]     Downloading comment API JSON reply thread 4 (8477/~None)
[youtube]     Downloading comment API JSON reply thread 5 (8480/~None)
[youtube]     Downloading comment API JSON reply thread 6 (8484/~None)
[youtube] Downloading comment API JSON page 61 (8494/~None)
[youtube]     Downloading comment API JSON reply thread 1 (8497/~None)
[youtube]     Downloading comment API JSON reply thread 2 (8502/~None)
[youtube] Extracted 8505 comments
[info] BJ0xBCwkg3E: Downloading 1 format(s): 399-sr+251
[info] Writing video description to: Running in the 90's [BJ0xBCwkg3E].description
[info] There are no subtitles for the requested languages
[info] Downloading video thumbnail 41 ...
[info] Video Thumbnail 41 does not exist
[info] Downloading video thumbnail 40 ...
[info] Video Thumbnail 40 does not exist
[info] Downloading video thumbnail 39 ...
[info] Video Thumbnail 39 does not exist
[info] Downloading video thumbnail 38 ...
[info] Video Thumbnail 38 does not exist
[info] Downloading video thumbnail 37 ...
[info] Writing video thumbnail 37 to: Running in the 90's [BJ0xBCwkg3E].webp
[info] Writing video metadata as JSON to: Running in the 90's [BJ0xBCwkg3E].info.json
[debug] Invoking http downloader on "https://rr2---sn-5uaeznse.googlevideo.com/videoplayback?expire=1778120633&ei=WaP7acT9LonX0_wPutXqqQc&ip=35.187.134.201&id=o-AAPi-qvuQBV3hh6rnVH5vBU-VhNPs3LmuWQyNsYbpDYz&itag=399&aitags=133%2C134%2C135%2C160%2C242%2C243%2C244%2C247%2C248%2C278%2C394%2C395%2C396%2C397%2C398%2C399&source=youtube&requiressl=yes&xpc=EgVo2aDSNQ%3D%3D&cps=439&met=1778099033%2C&mh=7k&mm=31%2C29&mn=sn-5uaeznse%2Csn-5ualdnsz&ms=au%2Crdu&mv=m&mvi=2&pl=28&rms=au%2Cau&siu=1&bui=AbKmrwqRUgXepvxPROkyDmFy6CZop-E71KbMbvCYlRp-onFlm94kAI7hm_ytxkCWpDs05AoxeA&spc=96Xrv33nvkt298avG5tsmzlP3hd1a6vTND5nFlAqoebiZJQM67XtBk793R3FAQfGtkqCCw&vprv=1&svpuc=1&xtags=sr%3D1&mime=video%2Fmp4&ns=NO5-U4C-1MCXeB5anos-CHsU&rqh=1&gir=yes&clen=6999147&dur=286.280&lmt=1747704918313689&mt=1778098635&fvip=5&keepalive=yes&lmw=1&fexp=51565115%2C51565681&c=TVHTML5&sefc=1&txp=4537534&n=rQWe4JDTPACrZA&sparams=expire%2Cei%2Cip%2Cid%2Caitags%2Csource%2Crequiressl%2Cxpc%2Csiu%2Cbui%2Cspc%2Cvprv%2Csvpuc%2Cxtags%2Cmime%2Cns%2Crqh%2Cgir%2Cclen%2Cdur%2Clmt&lsparams=cps%2Cmet%2Cmh%2Cmm%2Cmn%2Cms%2Cmv%2Cmvi%2Cpl%2Crms&lsig=APaTxxMwRQIga8fkXZVl8Q_NmD5jp1czJ_Fn6SxMyqBJKXcGo9kBodcCIQCypK6h4gFJwYzbwC_NgZSblMFXdXYG5uZO35No02VjEA%3D%3D&sig=AHEqNM4wRgIhANN-wHih_dubGFJSGg5kk2VR8ZubJKZqueZVs5gs-xqlAiEA6Gle-vHYSW-HArhOfJY6Iicgzu9U4iQnBH81ttbXEPE%3D"
[download] Sleeping 6.12 seconds ...
[download] Destination: Running in the 90's [BJ0xBCwkg3E].f399-sr.mp4
[download] 100% of    6.67MiB in 00:00:12 at 564.73KiB/s
[debug] Invoking http downloader on "https://rr2---sn-5uaeznse.googlevideo.com/videoplayback?expire=1778120633&ei=WaP7acT9LonX0_wPutXqqQc&ip=35.187.134.201&id=o-AAPi-qvuQBV3hh6rnVH5vBU-VhNPs3LmuWQyNsYbpDYz&itag=251&source=youtube&requiressl=yes&xpc=EgVo2aDSNQ%3D%3D&cps=439&met=1778099033%2C&mh=7k&mm=31%2C29&mn=sn-5uaeznse%2Csn-5ualdnsz&ms=au%2Crdu&mv=m&mvi=2&pl=28&rms=au%2Cau&siu=1&bui=AbKmrwqRUgXepvxPROkyDmFy6CZop-E71KbMbvCYlRp-onFlm94kAI7hm_ytxkCWpDs05AoxeA&spc=96Xrv33nvkt298avG5tsmzlP3hd1a6vTND5nFlAqoebiZJQM67XtBk793R3FAQfGtkqCCw&vprv=1&svpuc=1&mime=audio%2Fwebm&ns=NO5-U4C-1MCXeB5anos-CHsU&rqh=1&gir=yes&clen=4389282&dur=286.341&lmt=1709332836968710&mt=1778098635&fvip=5&keepalive=yes&lmw=1&fexp=51565115%2C51565681&c=TVHTML5&sefc=1&txp=4532434&n=rQWe4JDTPACrZA&sparams=expire%2Cei%2Cip%2Cid%2Citag%2Csource%2Crequiressl%2Cxpc%2Csiu%2Cbui%2Cspc%2Cvprv%2Csvpuc%2Cmime%2Cns%2Crqh%2Cgir%2Cclen%2Cdur%2Clmt&lsparams=cps%2Cmet%2Cmh%2Cmm%2Cmn%2Cms%2Cmv%2Cmvi%2Cpl%2Crms&lsig=APaTxxMwRQIga8fkXZVl8Q_NmD5jp1czJ_Fn6SxMyqBJKXcGo9kBodcCIQCypK6h4gFJwYzbwC_NgZSblMFXdXYG5uZO35No02VjEA%3D%3D&sig=AHEqNM4wRQIhAO4bkTnlPtGRjLHjGOFTWVVS9vnxnJvFH7X04SkfC1rpAiAGx0X-Vk_-2JeXpKyWlb8ddzGknwAoOiBOYQv6PrmBIg%3D%3D"
[download] Sleeping 6.29 seconds ...
[download] Destination: Running in the 90's [BJ0xBCwkg3E].f251.webm
[download] 100% of    4.19MiB in 00:00:16 at 253.14KiB/s
[Merger] Merging formats into "Running in the 90's [BJ0xBCwkg3E].webm"
[debug] ffmpeg command line: ffmpeg -y -loglevel repeat+info -i 'file:Running in the 90'"'"'s [BJ0xBCwkg3E].f399-sr.mp4' -i 'file:Running in the 90'"'"'s [BJ0xBCwkg3E].f251.webm' -c copy -map 0:v:0 -map 1:a:0 -movflags +faststart 'file:Running in the 90'"'"'s [BJ0xBCwkg3E].temp.webm'
Deleting original file Running in the 90's [BJ0xBCwkg3E].f399-sr.mp4 (pass -k to keep)
Deleting original file Running in the 90's [BJ0xBCwkg3E].f251.webm (pass -k to keep)
[debug] Adding to archive: youtube BJ0xBCwkg3E
